
> chaoxing-desktop@1.1.1 test
> node --test

✔ Installation selection rejects unknown switches, missing inputs, and invalid deadlines (2.1137ms)
✔ Installation CLI refuses the real user before any installer or host and saves JSON (112.0832ms)
✔ Preexisting application, legacy, default install, or registry state blocks installation (10.6322ms)
✔ Missing or incorrectly typed installation artifacts are rejected without execution (4.5275ms)
✔ NSIS directory tails preserve Unicode/spaces and are never general raw arguments (0.5957ms)
✔ Registry acceptance requires the owned install path and exact expected uninstaller (1.7246ms)
✔ Installation scratch resolves an actual Windows short TEMP alias before ownership and junction checks (1445.4216ms)
✔ Installation scratch refuses a linked TEMP before creating any files (2.861ms)
✔ Scratch cleanup requires its current ownership marker and refuses junctions (10.4912ms)
✔ Installation install-directory junction fixture checks rejection and unlinks without deleting its target (42.2463ms)
✔ Installation backend junction fixture checks rejection and unlinks without deleting its target (51.963ms)
✔ Installation nested-backend junction fixture checks rejection and unlinks without deleting its target (58.3857ms)
✔ Installation junction acceptance rejects payload writes and changed target bytes (39.9974ms)
✔ Installation junction cleanup refuses an unowned scratch or a substituted target (19.5805ms)
✔ Portable files are verified against both manifests without executing payloads (1324.7656ms)
✔ Installed files are verified against both manifests without executing payloads (1313.907ms)
✔ NSIS reference binds inert artifacts and verifies the exact installed host (5142.2448ms)
✔ Installed NSIS layout refuses portable manifests and unchanged UNK host hashes (1913.403ms)
✔ Installed manifest verification catches changed host bytes, missing licenses, changed metadata, and extra files (3293.6048ms)
✔ Uninstall retention includes actual Tauri files and detects deleted LocalAppData WebView data (12.0847ms)
✔ Cancelled nested smoke profiles are reclaimed from its pre-claim handoff after verified Job cleanup (23.0898ms)
✔ Nested profile cleanup refuses unverified/live processes, changed handoffs, and another run ownership (21.6065ms)
✔ Native formatter emits NSIS special paths last and unquoted without executing an installer (1353.328ms)
✔ Embedded installation PowerShell scripts parse without running installers or registry mutations (854.1618ms)
✔ NSIS production table checks every emitted payload kind before install and uninstall mutations (380.6626ms)
✔ NSIS guards allow normal Chinese and space paths for install and uninstall while retaining data (397.0188ms)
✔ NSIS guards allow a fresh directory, repeated separators and ordinary dot filenames (928.6902ms)
✔ NSIS install rejects installation directory junction before any payload mutation (182.7136ms)
✔ NSIS install rejects backend junction before any payload mutation (162.7603ms)
✔ NSIS install rejects backend/_internal junction before any payload mutation (159.253ms)
✔ NSIS uninstall rejects installation directory junction before any payload mutation (152.3832ms)
✔ NSIS uninstall rejects backend junction before any payload mutation (174.5512ms)
✔ NSIS uninstall rejects backend/_internal junction before any payload mutation (180.5983ms)
✔ NSIS checks ancestors above INSTDIR and existing host/uninstaller leaf paths (1329.7204ms)
✔ NSIS guards reject relative roots, traversal, ADS, device paths and file/directory collisions (9506.5702ms)
✔ NSIS checks the entire previous install tree before invoking an older uninstaller (711.8895ms)
✔ NSIS stops a legacy-tree scan at its depth limit and refuses unverified MSI migration (1059.062ms)
✔ NSIS complete payload matches the portable manifest including nested Unicode dependencies (738.6832ms)
✔ NSIS missing, foreign, duplicate, traversal and wrong-format payloads are rejected before extraction (5081.0765ms)
✔ NSIS equal-size content tampering and extracted junctions cannot pass hash verification (1493.5628ms)
✔ NSIS generated uninstaller and decoder metadata are distinct from application payload (2155.4337ms)
✔ NSIS host expectation accounts for exactly the Tauri bundle marker without modifying the source (2459.1489ms)
✔ NSIS artifact record binds both artifacts and validates every byte with a distinct host hash (3961.6855ms)
✔ NSIS signed-host capture must originate from the exact unsigned compiler output (626.161ms)
✔ P3 rejects unknown, missing, and mismatched smoke selections (2.0551ms)
✔ Release requires an explicit disposable user or a hosted runner, never GITHUB_ACTIONS alone (0.3566ms)
✔ Compiled profile mismatches and unsupported native probe exits fail closed (0.3846ms)
✔ Configured CDP port is used exactly and an occupied port is refused (21.7423ms)
✔ Invalid configured CDP ports fail before opening a listener (0.6574ms)
✔ Production paths come from Windows known folders and include Electron legacy data (0.3751ms)
✔ Release profile ownership refuses existing data and previous smoke runs without modifying them (15.534ms)
✔ Only current smoke ownership permits profile reuse; legacy roots are never created (14.0851ms)
✔ Owned profiles survive missing or unverified supervisor cleanup reports (13.2453ms)
✔ Owned profile cleanup rejects live processes and incomplete captured Job reports (7.1923ms)
✔ Verified empty Job cleanup still enforces run and SID ownership before removing a profile (17.0762ms)
✔ Primary GUI failure and supervisor failure remain observable while owned profiles are retained (4.2033ms)
✔ A profile created after the absent preflight cannot be adopted by this smoke run (10.7206ms)
✔ Profile guard refuses junctions before following them (3.1713ms)
✔ Host environment cannot resolve system Python or use inherited development overrides (0.5949ms)
✔ Missing host and incomplete frozen resources fail validation before launch (3.8699ms)
✔ Installed layout requires the host adjacent backend and never rewrites its source files (6.5211ms)
✔ Timeout always runs cleanup and cleanup failure cannot turn into a pass (100.8731ms)
✔ Release CLI fails closed and writes failure evidence without launching a host (99.9892ms)
✔ PowerShell smoke wrappers choose the first real Node when PATH contains multiple matches (4208.3182ms)
✔ Supervisor initialization can outlast the separate host launch budget (1174.1907ms)
✔ Supervisor initialization timeout never queues a host launch and retains diagnostics (276.1022ms)
✔ Supervisor initialization rejects an unsupported handshake before host launch (206.2742ms)
✔ Supervisor initialization does not remove the host launch deadline (282.0583ms)
✔ Windows supervisor reports start failure without leaving a captured process (1897.6833ms)
✔ Windows supervisor supplies live stdin and observes a clean EOF shutdown (2397.7198ms)
✔ Timed-out Windows tree is cleaned while an unrelated process survives (1959.047ms)
✔ Chinese title crosses the supervisor pipe and WM_CLOSE reaches only the captured real window (3595.2467ms)
✔ staging preserves the complete onedir tree, hashes, empty directories and source bytes (1971.8431ms)
✔ missing frozen executable, _internal, HTML, assets or referenced chunks fail without replacing staging (4772.5728ms)
✔ overlapping source/destination and filesystem roots are refused before mutation (2751.1119ms)
✔ a locked manifest rolls back an already replaced staging directory (12011.8309ms)
✔ publication survives a transient Windows directory sharing lock without changing the source (2592.267ms)
✔ source, staging and ancestor junctions are refused without touching their targets (1530.0183ms)
✔ version drift and unsafe version text fail before staging or artifact publication (2614.4221ms)
✔ portable ZIP preserves backend hierarchy and verifies artifact and every payload file without launching it (2509.5355ms)
✔ tampered staging, missing manifest and backend version drift preserve previous published artifacts (3729.3365ms)
✔ ZIP verifier rejects outer checksum drift, inner tampering, missing payload and traversal entries (7504.2411ms)
✔ Windows PowerShell portable entrypoints preserve check/start errors and never install a runtime automatically (3598.3507ms)
✔ opens the fixed repository in the system browser and never creates a renderer (2.6541ms)
✔ refuses every other URL, including lookalike hosts and local schemes (0.2456ms)
✔ reports synchronous and asynchronous browser launch errors (0.2871ms)
✔ account and task persist across process/origin changes; logout removes them (5.9635ms)
✔ payloads reject passwords, extra fields, oversized values and account mismatches (4.9492ms)
✔ corrupt, oversized and credential-bearing disk records are never exposed (2.215ms)
✔ IPC trusts only the current main window main frame and exact backend origin (0.4633ms)
✔ all IPC methods enforce sender and argument boundaries before touching storage (2.307ms)
✔ sandbox preload exposes four named operations, never a generic IPC API (1.0735ms)
✔ Bundle callback preserves exact unsigned backend EXE/DLL bytes without requiring a certificate (1655.9411ms)
✔ Bundle callback preserves an existing valid vendor signature with its original signer (902.8488ms)
✔ Bundle callback rejects an invalid existing signature even when its file hash matches the manifest (856.0088ms)
✔ Backend length/hash changes and unlisted resources fail before any signing (2310.5566ms)
✔ Backend manifest schema, duplicate paths, and traversal entries are refused (3218.1029ms)
✔ Bundle callback rejects resource junctions and record paths inside the frozen backend (1294.8142ms)
✔ NSIS host requires one NSS marker before it can reach the signer (2733.7268ms)
✔ Host capture refuses old records, missing capture directories, and invalid input paths (2846.8286ms)
✔ A valid marker without the requested private key fails without signing or publishing a record (1319.5157ms)
ℹ tests 101
ℹ suites 0
ℹ pass 101
ℹ fail 0
ℹ cancelled 0
ℹ skipped 0
ℹ todo 0
ℹ duration_ms 51795.7797
