177 INFO: PyInstaller: 6.21.0, contrib hooks: 2026.6
177 INFO: Python: 3.11.9
187 INFO: Platform: Windows-10-10.0.26100-SP0
187 INFO: Python environment: C:\Users\RUD\AppData\Local\Programs\Python\Python311
396 INFO: Module search paths (PYTHONPATH):
['E:\\Downloads\\45\\chaoxing-gui',
 'C:\\Users\\RUD\\AppData\\Local\\Programs\\Python\\Python311\\python311.zip',
 'C:\\Users\\RUD\\AppData\\Local\\Programs\\Python\\Python311\\DLLs',
 'C:\\Users\\RUD\\AppData\\Local\\Programs\\Python\\Python311\\Lib',
 'C:\\Users\\RUD\\AppData\\Local\\Programs\\Python\\Python311',
 'C:\\Users\\RUD\\AppData\\Local\\Programs\\Python\\Python311\\Lib\\site-packages',
 'C:\\Users\\RUD\\AppData\\Local\\Programs\\Python\\Python311\\Lib\\site-packages\\win32',
 'C:\\Users\\RUD\\AppData\\Local\\Programs\\Python\\Python311\\Lib\\site-packages\\win32\\lib',
 'C:\\Users\\RUD\\AppData\\Local\\Programs\\Python\\Python311\\Lib\\site-packages\\pythonwin',
 'E:\\Downloads\\45\\chaoxing-gui']
777 INFO: Appending 'datas' from .spec
781 INFO: checking Analysis
818 INFO: Building because excludes changed
818 INFO: Looking for Python shared library...
818 INFO: Using Python shared library: C:\Users\RUD\AppData\Local\Programs\Python\Python311\python311.dll
818 INFO: Running Analysis Analysis-00.toc
818 INFO: Target bytecode optimization level: 0
818 INFO: Initializing module dependency graph...
820 INFO: Initializing module graph hook caches...
843 INFO: Analyzing modules for base_library.zip ...
1598 INFO: Processing standard module hook 'hook-heapq.py' from 'C:\\Users\\RUD\\AppData\\Local\\Programs\\Python\\Python311\\Lib\\site-packages\\PyInstaller\\hooks'
1673 INFO: Processing standard module hook 'hook-encodings.py' from 'C:\\Users\\RUD\\AppData\\Local\\Programs\\Python\\Python311\\Lib\\site-packages\\PyInstaller\\hooks'
2938 INFO: Processing standard module hook 'hook-math.py' from 'C:\\Users\\RUD\\AppData\\Local\\Programs\\Python\\Python311\\Lib\\site-packages\\PyInstaller\\hooks'
3037 INFO: Processing standard module hook 'hook-pickle.py' from 'C:\\Users\\RUD\\AppData\\Local\\Programs\\Python\\Python311\\Lib\\site-packages\\PyInstaller\\hooks'
4365 INFO: Caching module dependency graph...
4405 INFO: Analyzing E:\Downloads\45\chaoxing-gui\app.py
4495 INFO: Processing standard module hook 'hook-numpy.py' from 'C:\\Users\\RUD\\AppData\\Local\\Programs\\Python\\Python311\\Lib\\site-packages\\PyInstaller\\hooks'
4783 INFO: Processing pre-safe-import-module hook 'hook-typing_extensions.py' from 'C:\\Users\\RUD\\AppData\\Local\\Programs\\Python\\Python311\\Lib\\site-packages\\PyInstaller\\hooks\\pre_safe_import_module'
4784 INFO: SetuptoolsInfo: initializing cached setuptools info...
5659 INFO: Processing standard module hook 'hook-multiprocessing.util.py' from 'C:\\Users\\RUD\\AppData\\Local\\Programs\\Python\\Python311\\Lib\\site-packages\\PyInstaller\\hooks'
5829 INFO: Processing standard module hook 'hook-xml.py' from 'C:\\Users\\RUD\\AppData\\Local\\Programs\\Python\\Python311\\Lib\\site-packages\\PyInstaller\\hooks'
6044 INFO: Processing standard module hook 'hook-_ctypes.py' from 'C:\\Users\\RUD\\AppData\\Local\\Programs\\Python\\Python311\\Lib\\site-packages\\PyInstaller\\hooks'
6464 INFO: Processing standard module hook 'hook-difflib.py' from 'C:\\Users\\RUD\\AppData\\Local\\Programs\\Python\\Python311\\Lib\\site-packages\\PyInstaller\\hooks'
6853 INFO: Processing standard module hook 'hook-sysconfig.py' from 'C:\\Users\\RUD\\AppData\\Local\\Programs\\Python\\Python311\\Lib\\site-packages\\PyInstaller\\hooks'
6923 INFO: Processing standard module hook 'hook-platform.py' from 'C:\\Users\\RUD\\AppData\\Local\\Programs\\Python\\Python311\\Lib\\site-packages\\PyInstaller\\hooks'
7302 INFO: Processing standard module hook 'hook-webbrowser.py' from 'C:\\Users\\RUD\\AppData\\Local\\Programs\\Python\\Python311\\Lib\\site-packages\\PyInstaller\\hooks'
8389 INFO: Processing standard module hook 'hook-charset_normalizer.py' from 'C:\\Users\\RUD\\AppData\\Local\\Programs\\Python\\Python311\\Lib\\site-packages\\_pyinstaller_hooks_contrib\\stdhooks'
8616 INFO: Processing standard module hook 'hook-PIL.py' from 'C:\\Users\\RUD\\AppData\\Local\\Programs\\Python\\Python311\\Lib\\site-packages\\PyInstaller\\hooks'
8709 INFO: Processing standard module hook 'hook-PIL.Image.py' from 'C:\\Users\\RUD\\AppData\\Local\\Programs\\Python\\Python311\\Lib\\site-packages\\PyInstaller\\hooks'
8992 INFO: Processing standard module hook 'hook-xml.etree.cElementTree.py' from 'C:\\Users\\RUD\\AppData\\Local\\Programs\\Python\\Python311\\Lib\\site-packages\\PyInstaller\\hooks'
9156 INFO: Processing standard module hook 'hook-PIL.ImageFilter.py' from 'C:\\Users\\RUD\\AppData\\Local\\Programs\\Python\\Python311\\Lib\\site-packages\\PyInstaller\\hooks'
9347 INFO: Processing standard module hook 'hook-onnxruntime.py' from 'C:\\Users\\RUD\\AppData\\Local\\Programs\\Python\\Python311\\Lib\\site-packages\\_pyinstaller_hooks_contrib\\stdhooks'
9446 INFO: Processing pre-safe-import-module hook 'hook-tensorflow.py' from 'C:\\Users\\RUD\\AppData\\Local\\Programs\\Python\\Python311\\Lib\\site-packages\\_pyinstaller_hooks_contrib\\pre_safe_import_module'
9764 INFO: Processing standard module hook 'hook-urllib3.py' from 'C:\\Users\\RUD\\AppData\\Local\\Programs\\Python\\Python311\\Lib\\site-packages\\_pyinstaller_hooks_contrib\\stdhooks'
9847 INFO: Processing pre-safe-import-module hook 'hook-backports.py' from 'C:\\Users\\RUD\\AppData\\Local\\Programs\\Python\\Python311\\Lib\\site-packages\\PyInstaller\\hooks\\pre_safe_import_module'
10237 INFO: Processing standard module hook 'hook-certifi.py' from 'C:\\Users\\RUD\\AppData\\Local\\Programs\\Python\\Python311\\Lib\\site-packages\\_pyinstaller_hooks_contrib\\stdhooks'
10310 INFO: Processing standard module hook 'hook-cryptography.py' from 'C:\\Users\\RUD\\AppData\\Local\\Programs\\Python\\Python311\\Lib\\site-packages\\_pyinstaller_hooks_contrib\\stdhooks'
11098 INFO: hook-cryptography: cryptography does not seem to be using dynamically linked OpenSSL.
12153 INFO: Processing standard module hook 'hook-jinja2.py' from 'C:\\Users\\RUD\\AppData\\Local\\Programs\\Python\\Python311\\Lib\\site-packages\\_pyinstaller_hooks_contrib\\stdhooks'
12626 INFO: Processing pre-safe-import-module hook 'hook-importlib_metadata.py' from 'C:\\Users\\RUD\\AppData\\Local\\Programs\\Python\\Python311\\Lib\\site-packages\\PyInstaller\\hooks\\pre_safe_import_module'
12765 INFO: Processing pre-safe-import-module hook 'hook-importlib_resources.py' from 'C:\\Users\\RUD\\AppData\\Local\\Programs\\Python\\Python311\\Lib\\site-packages\\PyInstaller\\hooks\\pre_safe_import_module'
13074 INFO: Processing standard module hook 'hook-anyio.py' from 'C:\\Users\\RUD\\AppData\\Local\\Programs\\Python\\Python311\\Lib\\site-packages\\_pyinstaller_hooks_contrib\\stdhooks'
13847 INFO: Processing standard module hook 'hook-pygments.py' from 'C:\\Users\\RUD\\AppData\\Local\\Programs\\Python\\Python311\\Lib\\site-packages\\PyInstaller\\hooks'
14722 INFO: Processing standard module hook 'hook-pydantic.py' from 'C:\\Users\\RUD\\AppData\\Local\\Programs\\Python\\Python311\\Lib\\site-packages\\_pyinstaller_hooks_contrib\\stdhooks'
15397 INFO: Processing standard module hook 'hook-zoneinfo.py' from 'C:\\Users\\RUD\\AppData\\Local\\Programs\\Python\\Python311\\Lib\\site-packages\\_pyinstaller_hooks_contrib\\stdhooks'
18518 INFO: Processing standard module hook 'hook-websockets.py' from 'C:\\Users\\RUD\\AppData\\Local\\Programs\\Python\\Python311\\Lib\\site-packages\\_pyinstaller_hooks_contrib\\stdhooks'
21600 INFO: Processing standard module hook 'hook-lxml.py' from 'C:\\Users\\RUD\\AppData\\Local\\Programs\\Python\\Python311\\Lib\\site-packages\\_pyinstaller_hooks_contrib\\stdhooks'
21858 INFO: Processing standard module hook 'hook-lxml.etree.py' from 'C:\\Users\\RUD\\AppData\\Local\\Programs\\Python\\Python311\\Lib\\site-packages\\_pyinstaller_hooks_contrib\\stdhooks'
24205 INFO: Processing standard module hook 'hook-pystray.py' from 'C:\\Users\\RUD\\AppData\\Local\\Programs\\Python\\Python311\\Lib\\site-packages\\_pyinstaller_hooks_contrib\\stdhooks'
24455 INFO: Processing pre-safe-import-module hook 'hook-six.moves.py' from 'C:\\Users\\RUD\\AppData\\Local\\Programs\\Python\\Python311\\Lib\\site-packages\\PyInstaller\\hooks\\pre_safe_import_module'
24514 INFO: Processing pre-safe-import-module hook 'hook-gi.py' from 'C:\\Users\\RUD\\AppData\\Local\\Programs\\Python\\Python311\\Lib\\site-packages\\PyInstaller\\hooks\\pre_safe_import_module'
24562 INFO: Analyzing hidden import 'api.process'
24565 INFO: Processing module hooks (post-graph stage)...
24948 INFO: Processing standard module hook 'hook-lxml.isoschematron.py' from 'C:\\Users\\RUD\\AppData\\Local\\Programs\\Python\\Python311\\Lib\\site-packages\\_pyinstaller_hooks_contrib\\stdhooks'
25053 INFO: Processing pre-safe-import-module hook 'hook-tomli.py' from 'C:\\Users\\RUD\\AppData\\Local\\Programs\\Python\\Python311\\Lib\\site-packages\\PyInstaller\\hooks\\pre_safe_import_module'
25399 INFO: Processing standard module hook 'hook-PIL.SpiderImagePlugin.py' from 'C:\\Users\\RUD\\AppData\\Local\\Programs\\Python\\Python311\\Lib\\site-packages\\PyInstaller\\hooks'
27321 INFO: Processing standard module hook 'hook-lxml.objectify.py' from 'C:\\Users\\RUD\\AppData\\Local\\Programs\\Python\\Python311\\Lib\\site-packages\\_pyinstaller_hooks_contrib\\stdhooks'
27322 INFO: Processing standard module hook 'hook-tzdata.py' from 'C:\\Users\\RUD\\AppData\\Local\\Programs\\Python\\Python311\\Lib\\site-packages\\_pyinstaller_hooks_contrib\\stdhooks'
27802 INFO: Performing binary vs. data reclassification (650 entries)
27926 INFO: Looking for ctypes DLLs
28065 INFO: Analyzing run-time hooks ...
28078 INFO: Including run-time hook 'pyi_rth_pkgutil.py' from 'C:\\Users\\RUD\\AppData\\Local\\Programs\\Python\\Python311\\Lib\\site-packages\\PyInstaller\\hooks\\rthooks'
28082 INFO: Including run-time hook 'pyi_rth_multiprocessing.py' from 'C:\\Users\\RUD\\AppData\\Local\\Programs\\Python\\Python311\\Lib\\site-packages\\PyInstaller\\hooks\\rthooks'
28084 INFO: Including run-time hook 'pyi_rth_inspect.py' from 'C:\\Users\\RUD\\AppData\\Local\\Programs\\Python\\Python311\\Lib\\site-packages\\PyInstaller\\hooks\\rthooks'
28085 INFO: Including run-time hook 'pyi_rth_cryptography_openssl.py' from 'C:\\Users\\RUD\\AppData\\Local\\Programs\\Python\\Python311\\Lib\\site-packages\\_pyinstaller_hooks_contrib\\rthooks'
28133 INFO: Creating base_library.zip...
28150 INFO: Looking for dynamic libraries
31459 INFO: Extra DLL search directories (AddDllDirectory): ['C:\\Users\\RUD\\AppData\\Local\\Programs\\Python\\Python311\\Lib\\site-packages\\numpy.libs']
31459 INFO: Extra DLL search directories (PATH): []
32745 INFO: Warnings written to E:\Downloads\45\chaoxing-gui\.cache\fix-course-utilities-live-failures\pyi-build\chaoxing-backend\warn-chaoxing-backend.txt
33020 INFO: Graph cross-reference written to E:\Downloads\45\chaoxing-gui\.cache\fix-course-utilities-live-failures\pyi-build\chaoxing-backend\xref-chaoxing-backend.html
33100 INFO: checking PYZ
33131 INFO: Building because E:\Downloads\45\chaoxing-gui\api\course_tool_tasks.py changed
33131 INFO: Building PYZ (ZlibArchive) E:\Downloads\45\chaoxing-gui\.cache\fix-course-utilities-live-failures\pyi-build\chaoxing-backend\PYZ-00.pyz
34586 INFO: Building PYZ (ZlibArchive) E:\Downloads\45\chaoxing-gui\.cache\fix-course-utilities-live-failures\pyi-build\chaoxing-backend\PYZ-00.pyz completed successfully.
34642 INFO: checking PKG
34644 INFO: Building because E:\Downloads\45\chaoxing-gui\.cache\fix-course-utilities-live-failures\pyi-build\chaoxing-backend\PYZ-00.pyz changed
34644 INFO: Building PKG (CArchive) chaoxing-backend.pkg
34687 INFO: Building PKG (CArchive) chaoxing-backend.pkg completed successfully.
34688 INFO: Bootloader C:\Users\RUD\AppData\Local\Programs\Python\Python311\Lib\site-packages\PyInstaller\bootloader\Windows-64bit-intel\run.exe
34688 INFO: checking EXE
34689 INFO: Rebuilding EXE-00.toc because pkg is more recent
34689 INFO: Building EXE from EXE-00.toc
34690 INFO: Copying bootloader EXE to E:\Downloads\45\chaoxing-gui\.cache\fix-course-utilities-live-failures\pyi-build\chaoxing-backend\chaoxing-backend.exe
34693 INFO: Copying icon to EXE
35223 INFO: Copying 0 resources to EXE
35223 INFO: Embedding manifest in EXE
35226 INFO: Appending PKG archive to EXE
35235 INFO: Fixing EXE headers
35360 INFO: Building EXE from EXE-00.toc completed successfully.
35366 INFO: checking COLLECT
35372 INFO: Removing dir E:\Downloads\45\chaoxing-gui\.cache\fix-course-utilities-live-failures\dist\chaoxing-backend
35564 INFO: Building COLLECT COLLECT-00.toc
36618 INFO: Building COLLECT COLLECT-00.toc completed successfully.
36632 INFO: Build complete! The results are available in: E:\Downloads\45\chaoxing-gui\.cache\fix-course-utilities-live-failures\dist
