test_bad_status_length_truncation_and_error_html_leave_no_files (test_course_tools.DownloadTests.test_bad_status_length_truncation_and_error_html_leave_no_files) ... ok
test_book_file_with_only_a_pdf_link_gets_the_converted_extension (test_course_tools.DownloadTests.test_book_file_with_only_a_pdf_link_gets_the_converted_extension) ... ok
test_broken_stream_closes_response_removes_parts_and_hides_signed_url (test_course_tools.DownloadTests.test_broken_stream_closes_response_removes_parts_and_hides_signed_url) ... ok
test_cancellation_and_callback_failure_both_clean_partial_download (test_course_tools.DownloadTests.test_cancellation_and_callback_failure_both_clean_partial_download) ... ok
test_cldisk_initial_urls_and_redirects_are_upgraded_to_https (test_course_tools.DownloadTests.test_cldisk_initial_urls_and_redirects_are_upgraded_to_https) ... ok
test_document_metadata_can_select_the_cldisk_pdf (test_course_tools.DownloadTests.test_document_metadata_can_select_the_cldisk_pdf) ... ok
test_empty_resource_is_valid_when_declared_length_is_zero (test_course_tools.DownloadTests.test_empty_resource_is_valid_when_declared_length_is_zero) ... ok
test_every_redirect_is_validated_and_closed_before_next_request (test_course_tools.DownloadTests.test_every_redirect_is_validated_and_closed_before_next_request) ... ok
test_missing_media_url_and_business_failure_close_metadata_response (test_course_tools.DownloadTests.test_missing_media_url_and_business_failure_close_metadata_response) ... ok
test_publication_on_filesystems_without_hard_links_is_exclusive (test_course_tools.DownloadTests.test_publication_on_filesystems_without_hard_links_is_exclusive) ... ok
test_redirect_loop_is_bounded_and_all_responses_close (test_course_tools.DownloadTests.test_redirect_loop_is_bounded_and_all_responses_close) ... ok
test_streaming_pdf_conversion_uses_safe_name_and_preserves_existing_files (test_course_tools.DownloadTests.test_streaming_pdf_conversion_uses_safe_name_and_preserves_existing_files) ... ok
test_symlinked_download_directory_is_rejected (test_course_tools.DownloadTests.test_symlinked_download_directory_is_rejected) ... ok
test_unknown_length_still_downloads_with_indeterminate_progress (test_course_tools.DownloadTests.test_unknown_length_still_downloads_with_indeterminate_progress) ... ok
test_untrusted_initial_urls_and_redirects_never_receive_a_request (test_course_tools.DownloadTests.test_untrusted_initial_urls_and_redirects_never_receive_a_request) ... ok
test_already_cancelled_operations_issue_no_requests (test_course_tools.ScanTests.test_already_cancelled_operations_issue_no_requests) ... ok
test_card_placeholder_without_resource_assignment_is_not_an_empty_catalogue (test_course_tools.ScanTests.test_card_placeholder_without_resource_assignment_is_not_an_empty_catalogue) ... ok
test_identifier_survives_title_signature_and_completion_changes (test_course_tools.ScanTests.test_identifier_survives_title_signature_and_completion_changes) ... ok
test_later_request_failure_does_not_erase_completed_chapter_progress (test_course_tools.ScanTests.test_later_request_failure_does_not_erase_completed_chapter_progress) ... ok
test_locked_chapters_are_logged_and_counted_without_opening_them (test_course_tools.ScanTests.test_locked_chapters_are_logged_and_counted_without_opening_them) ... ok
test_malformed_resource_object_after_placeholder_still_fails (test_course_tools.ScanTests.test_malformed_resource_object_after_placeholder_still_fails) ... ok
test_missing_chapter_identity_with_explicit_lock_tip_is_skipped (test_course_tools.ScanTests.test_missing_chapter_identity_with_explicit_lock_tip_is_skipped) ... ok
test_missing_chapter_identity_without_explicit_lock_evidence_is_an_error (test_course_tools.ScanTests.test_missing_chapter_identity_without_explicit_lock_evidence_is_an_error) ... ok
test_public_resource_is_an_allowlist_and_does_not_publish_signed_metadata (test_course_tools.ScanTests.test_public_resource_is_an_allowlist_and_does_not_publish_signed_metadata) ... ok
test_reads_every_actual_card_and_keeps_completed_and_non_job_media (test_course_tools.ScanTests.test_reads_every_actual_card_and_keeps_completed_and_non_job_media) ... ok
test_recognized_empty_cards_and_empty_course_are_valid (test_course_tools.ScanTests.test_recognized_empty_cards_and_empty_course_are_valid) ... ok
test_server_locked_page_is_skipped_but_malformed_pages_raise (test_course_tools.ScanTests.test_server_locked_page_is_skipped_but_malformed_pages_raise) ... ok
test_business_failure_stops_without_counting_failed_request (test_course_tools.StatisticsAndVisitsTests.test_business_failure_stops_without_counting_failed_request) ... ok
test_cancel_arriving_during_successful_request_still_checkpoints_it (test_course_tools.StatisticsAndVisitsTests.test_cancel_arriving_during_successful_request_still_checkpoints_it) ... ok
test_cancel_during_visit_wait_preserves_completed_callback (test_course_tools.StatisticsAndVisitsTests.test_cancel_during_visit_wait_preserves_completed_callback) ... ok
test_each_client_borrows_only_its_account_session_without_reading_cookie_files (test_course_tools.StatisticsAndVisitsTests.test_each_client_borrows_only_its_account_session_without_reading_cookie_files) ... ok
test_failed_strings_and_extra_javascript_do_not_advance_visit_progress (test_course_tools.StatisticsAndVisitsTests.test_failed_strings_and_extra_javascript_do_not_advance_visit_progress) ... ok
test_non_idempotent_visit_get_disables_adapter_retries_even_on_http_failure (test_course_tools.StatisticsAndVisitsTests.test_non_idempotent_visit_get_disables_adapter_retries_even_on_http_failure) ... ok
test_quoted_visit_success_records_each_request_and_preserves_platform_totals (test_course_tools.StatisticsAndVisitsTests.test_quoted_visit_success_records_each_request_and_preserves_platform_totals) ... ok
test_signed_visit_address_cannot_send_account_cookies_to_another_host (test_course_tools.StatisticsAndVisitsTests.test_signed_visit_address_cannot_send_account_cookies_to_another_host) ... ok
test_statistics_use_current_year_month_and_parse_fractional_minutes (test_course_tools.StatisticsAndVisitsTests.test_statistics_use_current_year_month_and_parse_fractional_minutes) ... ok
test_successful_requests_are_distinct_from_actual_platform_visit_totals (test_course_tools.StatisticsAndVisitsTests.test_successful_requests_are_distinct_from_actual_platform_visit_totals) ... ok
test_unavailable_statistics_remain_unknown_with_warnings (test_course_tools.StatisticsAndVisitsTests.test_unavailable_statistics_remain_unknown_with_warnings) ... ok
test_unknown_or_html_report_response_is_not_counted (test_course_tools.StatisticsAndVisitsTests.test_unknown_or_html_report_response_is_not_counted) ... ok
test_cancel_during_playback_stops_before_next_heartbeat (test_course_tools.VideoTests.test_cancel_during_playback_stops_before_next_heartbeat) ... ok
test_completed_video_restarts_at_boundaries_for_requested_extra_time (test_course_tools.VideoTests.test_completed_video_restarts_at_boundaries_for_requested_extra_time) ... ok
test_failed_heartbeat_does_not_advance_submitted_time_or_retry (test_course_tools.VideoTests.test_failed_heartbeat_does_not_advance_submitted_time_or_retry) ... ok
test_foreign_account_or_course_parameters_are_rejected (test_course_tools.VideoTests.test_foreign_account_or_course_parameters_are_rejected) ... ok
test_heartbeat_interval_and_final_remainder_cover_exact_full_duration (test_course_tools.VideoTests.test_heartbeat_interval_and_final_remainder_cover_exact_full_duration) ... ok
test_invalid_completion_flag_is_not_a_successful_heartbeat (test_course_tools.VideoTests.test_invalid_completion_flag_is_not_a_successful_heartbeat) ... ok
test_invalid_status_duration_token_or_response_never_counts_time (test_course_tools.VideoTests.test_invalid_status_duration_token_or_response_never_counts_time) ... ok
test_short_target_waits_real_time_and_signs_the_actual_partial_position (test_course_tools.VideoTests.test_short_target_waits_real_time_and_signs_the_actual_partial_position) ... ok
test_subsecond_media_and_remainders_never_overrun_duration (test_course_tools.VideoTests.test_subsecond_media_and_remainders_never_overrun_duration) ... ok
test_video_report_url_cannot_target_arbitrary_host_or_path (test_course_tools.VideoTests.test_video_report_url_cannot_target_arbitrary_host_or_path) ... ok
test_visit_string_acknowledgements_are_not_valid_video_heartbeats (test_course_tools.VideoTests.test_visit_string_acknowledgements_are_not_valid_video_heartbeats) ... ok

----------------------------------------------------------------------
Ran 50 tests in 0.109s

OK
